2024-04-10 11:06:25,090 - __main__ - INFO - Test the custom logger
